Archive member included because of file (symbol)

c:/program files (x86)/atmel/atmel toolchain/avr8 gcc/native/3.4.1061/avr8-gnu-toolchain/bin/../lib/gcc/avr/4.8.1/avrxmega6\libgcc.a(_udivmodsi4.o)
                              src/ASF/xmega/drivers/spi/spi.o (__udivmodsi4)
c:/program files (x86)/atmel/atmel toolchain/avr8 gcc/native/3.4.1061/avr8-gnu-toolchain/bin/../lib/gcc/avr/4.8.1/avrxmega6\libgcc.a(_exit.o)
                              c:/program files (x86)/atmel/atmel toolchain/avr8 gcc/native/3.4.1061/avr8-gnu-toolchain/bin/../lib/gcc/avr/4.8.1/../../../../avr/lib/avrxmega6/crtx256a3bu.o (exit)
c:/program files (x86)/atmel/atmel toolchain/avr8 gcc/native/3.4.1061/avr8-gnu-toolchain/bin/../lib/gcc/avr/4.8.1/avrxmega6\libgcc.a(_copy_data.o)
                              src/ASF/common/services/gfx_mono/sysfont.o (__do_copy_data)
c:/program files (x86)/atmel/atmel toolchain/avr8 gcc/native/3.4.1061/avr8-gnu-toolchain/bin/../lib/gcc/avr/4.8.1/avrxmega6\libgcc.a(_clear_bss.o)
                              src/ASF/common/services/gfx_mono/gfx_mono_c12832_a1z.o (__do_clear_bss)
c:/program files (x86)/atmel/atmel toolchain/avr8 gcc/native/3.4.1061/avr8-gnu-toolchain/bin/../lib/gcc/avr/4.8.1/../../../../avr/lib/avrxmega6\libc.a(memcpy.o)
                              src/ASF/xmega/drivers/nvm/nvm.o (memcpy)

Discarded input sections

 .data          0x00000000        0x0 c:/program files (x86)/atmel/atmel toolchain/avr8 gcc/native/3.4.1061/avr8-gnu-toolchain/bin/../lib/gcc/avr/4.8.1/../../../../avr/lib/avrxmega6/crtx256a3bu.o
 .bss           0x00000000        0x0 c:/program files (x86)/atmel/atmel toolchain/avr8 gcc/native/3.4.1061/avr8-gnu-toolchain/bin/../lib/gcc/avr/4.8.1/../../../../avr/lib/avrxmega6/crtx256a3bu.o
 .group         0x00000000        0x8 src/ASF/common/components/display/st7565r/st7565r.o
 .group         0x00000000        0x8 src/ASF/common/components/display/st7565r/st7565r.o
 .group         0x00000000        0x8 src/ASF/common/components/display/st7565r/st7565r.o
 .group         0x00000000        0x8 src/ASF/common/components/display/st7565r/st7565r.o
 .group         0x00000000        0x8 src/ASF/common/components/display/st7565r/st7565r.o
 .group         0x00000000        0x8 src/ASF/common/components/display/st7565r/st7565r.o
 .group         0x00000000        0x8 src/ASF/common/components/display/st7565r/st7565r.o
 .group         0x00000000        0x8 src/ASF/common/components/display/st7565r/st7565r.o
 .group         0x00000000        0x8 src/ASF/common/components/display/st7565r/st7565r.o
 .group         0x00000000        0x8 src/ASF/common/components/display/st7565r/st7565r.o
 .group         0x00000000        0x8 src/ASF/common/components/display/st7565r/st7565r.o
 .group         0x00000000        0x8 src/ASF/common/components/display/st7565r/st7565r.o
 .group         0x00000000        0x8 src/ASF/common/components/display/st7565r/st7565r.o
 .group         0x00000000        0x8 src/ASF/common/components/display/st7565r/st7565r.o
 .group         0x00000000        0x8 src/ASF/common/components/display/st7565r/st7565r.o
 .group         0x00000000        0x8 src/ASF/common/components/display/st7565r/st7565r.o
 .group         0x00000000        0x8 src/ASF/common/components/display/st7565r/st7565r.o
 .group         0x00000000        0x8 src/ASF/common/components/display/st7565r/st7565r.o
 .group         0x00000000        0x8 src/ASF/common/components/display/st7565r/st7565r.o
 .group         0x00000000        0x8 src/ASF/common/components/display/st7565r/st7565r.o
 .group         0x00000000        0x8 src/ASF/common/components/display/st7565r/st7565r.o
 .group         0x00000000        0x8 src/ASF/common/components/display/st7565r/st7565r.o
 .group         0x00000000        0x8 src/ASF/common/components/display/st7565r/st7565r.o
 .group         0x00000000        0x8 src/ASF/common/components/display/st7565r/st7565r.o
 .group         0x00000000        0x8 src/ASF/common/components/display/st7565r/st7565r.o
 .group         0x00000000        0x8 src/ASF/common/components/display/st7565r/st7565r.o
 .group         0x00000000        0x8 src/ASF/common/components/display/st7565r/st7565r.o
 .group         0x00000000        0x8 src/ASF/common/components/display/st7565r/st7565r.o
 .group         0x00000000        0x8 src/ASF/common/components/display/st7565r/st7565r.o
 .group         0x00000000        0x8 src/ASF/common/components/display/st7565r/st7565r.o
 .group         0x00000000        0x8 src/ASF/common/components/display/st7565r/st7565r.o
 .group         0x00000000        0x8 src/ASF/common/components/display/st7565r/st7565r.o
 .group         0x00000000        0x8 src/ASF/common/components/display/st7565r/st7565r.o
 .group         0x00000000        0x8 src/ASF/common/components/display/st7565r/st7565r.o
 .group         0x00000000        0x8 src/ASF/common/components/display/st7565r/st7565r.o
 .group         0x00000000        0x8 src/ASF/common/components/display/st7565r/st7565r.o
[...]
Memory Configuration

Name             Origin             Length             Attributes
text             0x00000000         0x00100000         xr
data             0x00802000         0x0000ffa0         rw !x
eeprom           0x00810000         0x00010000         rw !x
fuse             0x00820000         0x00000400         rw !x
lock             0x00830000         0x00000400         rw !x
signature        0x00840000         0x00000400         rw !x
user_signatures  0x00850000         0x00000400         rw !x
*default*        0x00000000         0xffffffff

Linker script and memory map

LOAD c:/program files (x86)/atmel/atmel toolchain/avr8 gcc/native/3.4.1061/avr8-gnu-toolchain/bin/../lib/gcc/avr/4.8.1/../../../../avr/lib/avrxmega6/crtx256a3bu.o
LOAD src/ASF/common/components/display/st7565r/st7565r.o
LOAD src/ASF/common/services/gfx_mono/gfx_mono_c12832_a1z.o
LOAD src/ASF/common/services/spi/xmega_spi/spi_master.o
LOAD src/ASF/xmega/drivers/spi/spi.o
LOAD src/ASF/common/services/gfx_mono/gfx_mono_framebuffer.o
LOAD src/ASF/common/services/gfx_mono/gfx_mono_generic.o
LOAD src/ASF/common/services/gfx_mono/gfx_mono_text.o
LOAD src/ASF/common/services/gfx_mono/sysfont.o
LOAD src/ASF/xmega/drivers/usart/usart.o
LOAD src/ASF/common/services/spi/xmega_usart_spi/usart_spi.o
LOAD src/ASF/common/services/clock/xmega/sysclk.o
LOAD src/ASF/xmega/drivers/nvm/nvm.o
LOAD src/ASF/xmega/drivers/nvm/nvm_asm.o
LOAD src/ASF/xmega/drivers/cpu/ccp.o
LOAD src/ASF/common/services/ioport/xmega/ioport_compat.o
LOAD src/ASF/xmega/boards/xmega_a3bu_xplained/init.o
LOAD src/main.o
START GROUP
LOAD c:/program files (x86)/atmel/atmel toolchain/avr8 gcc/native/3.4.1061/avr8-gnu-toolchain/bin/../lib/gcc/avr/4.8.1/../../../../avr/lib/avrxmega6\libm.a
END GROUP
Address of section .BOOT set to 0x40000
START GROUP
LOAD c:/program files (x86)/atmel/atmel toolchain/avr8 gcc/native/3.4.1061/avr8-gnu-toolchain/bin/../lib/gcc/avr/4.8.1/avrxmega6\libgcc.a
LOAD c:/program files (x86)/atmel/atmel toolchain/avr8 gcc/native/3.4.1061/avr8-gnu-toolchain/bin/../lib/gcc/avr/4.8.1/../../../../avr/lib/avrxmega6\libm.a
LOAD c:/program files (x86)/atmel/atmel toolchain/avr8 gcc/native/3.4.1061/avr8-gnu-toolchain/bin/../lib/gcc/avr/4.8.1/../../../../avr/lib/avrxmega6\libc.a
END GROUP

.hash
 *(.hash)

.dynsym
 *(.dynsym)

.dynstr
 *(.dynstr)

.gnu.version
 *(.gnu.version)

.gnu.version_d
 *(.gnu.version_d)

.gnu.version_r
 *(.gnu.version_r)

.rel.init
 *(.rel.init)

.rela.init
 *(.rela.init)

.rel.text
 *(.rel.text)
 *(.rel.text.*)
 *(.rel.gnu.linkonce.t*)

.rela.text
 *(.rela.text)
 *(.rela.text.*)
 *(.rela.gnu.linkonce.t*)

.rel.fini
 *(.rel.fini)

.rela.fini
 *(.rela.fini)

.rel.rodata
 *(.rel.rodata)
 *(.rel.rodata.*)
 *(.rel.gnu.linkonce.r*)

.rela.rodata
 *(.rela.rodata)
 *(.rela.rodata.*)
 *(.rela.gnu.linkonce.r*)

.rel.data
 *(.rel.data)
 *(.rel.data.*)
 *(.rel.gnu.linkonce.d*)

.rela.data
 *(.rela.data)
 *(.rela.data.*)
 *(.rela.gnu.linkonce.d*)

.rel.ctors
 *(.rel.ctors)

.rela.ctors
 *(.rela.ctors)

.rel.dtors
 *(.rel.dtors)

.rela.dtors
 *(.rela.dtors)

.rel.got
 *(.rel.got)

.rela.got
 *(.rela.got)

.rel.bss
 *(.rel.bss)

.rela.bss
 *(.rela.bss)

.rel.plt
 *(.rel.plt)

.rela.plt
 *(.rela.plt)

.text           0x00000000     0x18c0
 *(.vectors)
 .vectors       0x00000000      0x1fc c:/program files (x86)/atmel/atmel toolchain/avr8 gcc/native/3.4.1061/avr8-gnu-toolchain/bin/../lib/gcc/avr/4.8.1/../../../../avr/lib/avrxmega6/crtx256a3bu.o
                0x00000000                __vector_default
                0x00000000                __vectors
 *(.vectors)
 *(.progmem.gcc*)
                0x000001fc                . = ALIGN (0x2)
                0x000001fc                __trampolines_start = .
 *(.trampolines)
 .trampolines   0x000001fc        0x0 linker stubs
 *(.trampolines*)
                0x000001fc                __trampolines_end = .
 *(.progmem*)
 .progmem.data.sysfont_glyphs
                0x000001fc      0x292 src/ASF/common/services/gfx_mono/sysfont.o
                0x0000048e                . = ALIGN (0x2)
 *(.jumptables)
 *(.jumptables*)
 *(.lowtext)
 *(.lowtext*)
                0x0000048e                __ctors_start = .
 *(.ctors)
                0x0000048e                __ctors_end = .
                0x0000048e                __dtors_start = .
 *(.dtors)
                0x0000048e                __dtors_end = .
 SORT(*)(.ctors)
 SORT(*)(.dtors)
 *(.init0)
 .init0         0x0000048e        0x0 c:/program files (x86)/atmel/atmel toolchain/avr8 gcc/native/3.4.1061/avr8-gnu-toolchain/bin/../lib/gcc/avr/4.8.1/../../../../avr/lib/avrxmega6/crtx256a3bu.o
                0x0000048e                __init
 *(.init0)
 *(.init1)
 *(.init1)
 *(.init2)
 .init2         0x0000048e       0x10 c:/program files (x86)/atmel/atmel toolchain/avr8 gcc/native/3.4.1061/avr8-gnu-toolchain/bin/../lib/gcc/avr/4.8.1/../../../../avr/lib/avrxmega6/crtx256a3bu.o
 *(.init2)
 *(.init3)
 *(.init3)
 *(.init4)
 .init4         0x0000049e       0x1a c:/program files (x86)/atmel/atmel toolchain/avr8 gcc/native/3.4.1061/avr8-gnu-toolchain/bin/../lib/gcc/avr/4.8.1/avrxmega6\libgcc.a(_copy_data.o)
                0x0000049e                __do_copy_data
 .init4         0x000004b8       0x10 c:/program files (x86)/atmel/atmel toolchain/avr8 gcc/native/3.4.1061/avr8-gnu-toolchain/bin/../lib/gcc/avr/4.8.1/avrxmega6\libgcc.a(_clear_bss.o)
                0x000004b8                __do_clear_bss
 *(.init4)
 *(.init5)
 *(.init5)
 *(.init6)
 *(.init6)
 *(.init7)
 *(.init7)
 *(.init8)
 *(.init8)
 *(.init9)
 .init9         0x000004c8        0x8 c:/program files (x86)/atmel/atmel toolchain/avr8 gcc/native/3.4.1061/avr8-gnu-toolchain/bin/../lib/gcc/avr/4.8.1/../../../../avr/lib/avrxmega6/crtx256a3bu.o
 *(.init9)
 *(.text)
 .text          0x000004d0        0x2 c:/program files (x86)/atmel/atmel toolchain/avr8 gcc/native/3.4.1061/avr8-gnu-toolchain/bin/../lib/gcc/avr/4.8.1/../../../../avr/lib/avrxmega6/crtx256a3bu.o
                0x000004d0                __vector_38
                0x000004d0                __vector_104
                0x000004d0                __vector_22
                0x000004d0                __vector_63
                0x000004d0                __vector_28
                0x000004d0                __vector_67
                0x000004d0                __vector_1
                0x000004d0                __vector_119
                0x000004d0                __vector_32
                0x000004d0                __vector_75
                0x000004d0                __vector_71
                0x000004d0                __vector_91
                0x000004d0                __vector_34
                0x000004d0                __vector_62
                0x000004d0                __vector_77
                0x000004d0                __vector_102
                0x000004d0                __vector_24
                0x000004d0                __vector_12
                0x000004d0                __vector_55
                0x000004d0                __vector_69
                0x000004d0                __vector_81
                0x000004d0                __vector_90
                0x000004d0                __vector_46
                0x000004d0                __bad_interrupt
                0x000004d0                __vector_122
                0x000004d0                __vector_72
                0x000004d0                __vector_114
                0x000004d0                __vector_6
                0x000004d0                __vector_110
                0x000004d0                __vector_31
                0x000004d0                __vector_92
                0x000004d0                __vector_35
                0x000004d0                __vector_78
                0x000004d0                __vector_74
                0x000004d0                __vector_117
                0x000004d0                __vector_39
                0x000004d0                __vector_107
                0x000004d0                __vector_3
                0x000004d0                __vector_105
                0x000004d0                __vector_98
                0x000004d0                __vector_23
                0x000004d0                __vector_68
                0x000004d0                __vector_30
                0x000004d0                __vector_73
                0x000004d0                __vector_45
                0x000004d0                __vector_25
                0x000004d0                __vector_93
                0x000004d0                __vector_61
                0x000004d0                __vector_11
                0x000004d0                __vector_54
                0x000004d0                __vector_99
                0x000004d0                __vector_13
                0x000004d0                __vector_17
                0x000004d0                __vector_19
                0x000004d0                __vector_56
                0x000004d0                __vector_7
                0x000004d0                __vector_125
                0x000004d0                __vector_49
                0x000004d0                __vector_123
                0x000004d0                __vector_41
                0x000004d0                __vector_86
                0x000004d0                __vector_100
                0x000004d0                __vector_101
                0x000004d0                __vector_64
                0x000004d0                __vector_88
                0x000004d0                __vector_109
                0x000004d0                __vector_43
                0x000004d0                __vector_27
                0x000004d0                __vector_5
                0x000004d0                __vector_113
                0x000004d0                __vector_33
                0x000004d0                __vector_76
                0x000004d0                __vector_115
                0x000004d0                __vector_47
                0x000004d0                __vector_52
                0x000004d0                __vector_37
                0x000004d0                __vector_95
                0x000004d0                __vector_103
                0x000004d0                __vector_96
                0x000004d0                __vector_89
                0x000004d0                __vector_108
                0x000004d0                __vector_4
                0x000004d0                __vector_44
                0x000004d0                __vector_82
                0x000004d0                __vector_106
                0x000004d0                __vector_118
                0x000004d0                __vector_51
                0x000004d0                __vector_9
                0x000004d0                __vector_2
                0x000004d0                __vector_21
                0x000004d0                __vector_15
                0x000004d0                __vector_66
                0x000004d0                __vector_36
                0x000004d0                __vector_79
                0x000004d0                __vector_58
                0x000004d0                __vector_70
                0x000004d0                __vector_83
                0x000004d0                __vector_29
                0x000004d0                __vector_60
                0x000004d0                __vector_121
                0x000004d0                __vector_40
                0x000004d0                __vector_85
                0x000004d0                __vector_94
                0x000004d0                __vector_126
                0x000004d0                __vector_8
                0x000004d0                __vector_26
                0x000004d0                __vector_48
                0x000004d0                __vector_124
                0x000004d0                __vector_116
                0x000004d0                __vector_112
                0x000004d0                __vector_111
                0x000004d0                __vector_80
                0x000004d0                __vector_14
                0x000004d0                __vector_84
                0x000004d0                __vector_57
                0x000004d0                __vector_53
                0x000004d0                __vector_10
                0x000004d0                __vector_50
                0x000004d0                __vector_16
                0x000004d0                __vector_59
                0x000004d0                __vector_18
                0x000004d0                __vector_97
                0x000004d0                __vector_20
                0x000004d0                __vector_42
                0x000004d0                __vector_87
                0x000004d0                __vector_65
                0x000004d0                __vector_120
                0x000004d2                . = ALIGN (0x2)
 *(.text.*)
 .text.st7565r_init
                0x000004d2      0x390 src/ASF/common/components/display/st7565r/st7565r.o
                0x000004d2                st7565r_init
 .text.gfx_mono_st7565r_put_byte
                0x00000862      0x15c src/ASF/common/services/gfx_mono/gfx_mono_c12832_a1z.o
                0x00000862                gfx_mono_st7565r_put_byte
 .text.gfx_mono_st7565r_init
                0x000009be       0x86 src/ASF/common/services/gfx_mono/gfx_mono_c12832_a1z.o
                0x000009be                gfx_mono_st7565r_init
 .text.gfx_mono_st7565r_draw_pixel
                0x00000a44       0x7a src/ASF/common/services/gfx_mono/gfx_mono_c12832_a1z.o
                0x00000a44                gfx_mono_st7565r_draw_pixel
 .text.gfx_mono_st7565r_get_byte
                0x00000abe        0x4 src/ASF/common/services/gfx_mono/gfx_mono_c12832_a1z.o
                0x00000abe                gfx_mono_st7565r_get_byte
 .text.gfx_mono_set_framebuffer
                0x00000ac2        0xa src/ASF/common/services/gfx_mono/gfx_mono_framebuffer.o
                0x00000ac2                gfx_mono_set_framebuffer
 .text.gfx_mono_framebuffer_put_byte
                0x00000acc       0x1e src/ASF/common/services/gfx_mono/gfx_mono_framebuffer.o
                0x00000acc                gfx_mono_framebuffer_put_byte
 .text.gfx_mono_framebuffer_get_byte
                0x00000aea       0x1e src/ASF/common/services/gfx_mono/gfx_mono_framebuffer.o
                0x00000aea                gfx_mono_framebuffer_get_byte
 .text.gfx_mono_generic_draw_horizontal_line
                0x00000b08       0xe0 src/ASF/common/services/gfx_mono/gfx_mono_generic.o
                0x00000b08                gfx_mono_generic_draw_horizontal_line
 .text.gfx_mono_generic_draw_filled_rect
                0x00000be8       0x36 src/ASF/common/services/gfx_mono/gfx_mono_generic.o
                0x00000be8                gfx_mono_generic_draw_filled_rect
 .text.gfx_mono_draw_char
                0x00000c1e       0xba src/ASF/common/services/gfx_mono/gfx_mono_text.o
                0x00000c1e                gfx_mono_draw_char
 .text.gfx_mono_draw_string
                0x00000cd8       0x52 src/ASF/common/services/gfx_mono/gfx_mono_text.o
                0x00000cd8                gfx_mono_draw_string
 .text.usart_getchar
                0x00000d2a        0xc src/ASF/xmega/drivers/usart/usart.o
                0x00000d2a                usart_getchar
 .text.usart_set_baudrate
                0x00000d36      0x20c src/ASF/xmega/drivers/usart/usart.o
                0x00000d36                usart_set_baudrate
 .text.usart_init_rs232
                0x00000f42      0x228 src/ASF/xmega/drivers/usart/usart.o
                0x00000f42                usart_init_rs232
 .text.usart_spi_set_baudrate
                0x0000116a       0x62 src/ASF/xmega/drivers/usart/usart.o
                0x0000116a                usart_spi_set_baudrate
 .text.usart_init_spi
                0x000011cc      0x384 src/ASF/xmega/drivers/usart/usart.o
                0x000011cc                usart_init_spi
 .text.usart_spi_init
                0x00001550       0x5e src/ASF/common/services/spi/xmega_usart_spi/usart_spi.o
                0x00001550                usart_spi_init
 .text.usart_spi_setup_device
                0x000015ae       0x34 src/ASF/common/services/spi/xmega_usart_spi/usart_spi.o
                0x000015ae                usart_spi_setup_device
 .text.usart_spi_select_device
                0x000015e2       0x2c src/ASF/common/services/spi/xmega_usart_spi/usart_spi.o
                0x000015e2                usart_spi_select_device
 .text.usart_spi_deselect_device
                0x0000160e       0x2c src/ASF/common/services/spi/xmega_usart_spi/usart_spi.o
                0x0000160e                usart_spi_deselect_device
 .text.sysclk_init
                0x0000163a       0x20 src/ASF/common/services/clock/xmega/sysclk.o
                0x0000163a                sysclk_init
 .text.sysclk_enable_module
                0x0000165a       0x18 src/ASF/common/services/clock/xmega/sysclk.o
                0x0000165a                sysclk_enable_module
 .text.ioport_configure_port_pin
                0x00001672       0x50 src/ASF/common/services/ioport/xmega/ioport_compat.o
                0x00001672                ioport_configure_port_pin
 .text.board_init
                0x000016c2      0x13a src/ASF/xmega/boards/xmega_a3bu_xplained/init.o
                0x000016c2                board_init
 .text.main     0x000017fc       0x7c src/main.o
                0x000017fc                main
 .text.libgcc.div
                0x00001878       0x44 c:/program files (x86)/atmel/atmel toolchain/avr8 gcc/native/3.4.1061/avr8-gnu-toolchain/bin/../lib/gcc/avr/4.8.1/avrxmega6\libgcc.a(_udivmodsi4.o)
                0x00001878                __udivmodsi4
                0x000018bc                . = ALIGN (0x2)
 *(.fini9)
 .fini9         0x000018bc        0x0 c:/program files (x86)/atmel/atmel toolchain/avr8 gcc/native/3.4.1061/avr8-gnu-toolchain/bin/../lib/gcc/avr/4.8.1/avrxmega6\libgcc.a(_exit.o)
                0x000018bc                _exit
                0x000018bc                exit
 *(.fini9)
 *(.fini8)
 *(.fini8)
 *(.fini7)
 *(.fini7)
 *(.fini6)
 *(.fini6)
 *(.fini5)
 *(.fini5)
 *(.fini4)
 *(.fini4)
 *(.fini3)
 *(.fini3)
 *(.fini2)
 *(.fini2)
 *(.fini1)
 *(.fini1)
 *(.fini0)
 .fini0         0x000018bc        0x4 c:/program files (x86)/atmel/atmel toolchain/avr8 gcc/native/3.4.1061/avr8-gnu-toolchain/bin/../lib/gcc/avr/4.8.1/avrxmega6\libgcc.a(_exit.o)
 *(.fini0)
                0x000018c0                _etext = .

.data           0x00802000        0xe load address 0x000018c0
                0x00802000                PROVIDE (__data_start, .)
 *(.data)
 *(.data*)
 .data.sysfont  0x00802000        0x7 src/ASF/common/services/gfx_mono/sysfont.o
                0x00802000                sysfont
 .data.USART_SERIAL_OPTIONS.5273
                0x00802007        0x7 src/main.o
 *(.rodata)
 *(.rodata*)
 *(.gnu.linkonce.d*)
                0x0080200e                . = ALIGN (0x2)
                0x0080200e                _edata = .
                0x0080200e                PROVIDE (__data_end, .)

.bss            0x0080200e      0x202
                0x0080200e                PROVIDE (__bss_start, .)
 *(.bss)
 *(.bss*)
 .bss.framebuffer
                0x0080200e      0x200 src/ASF/common/services/gfx_mono/gfx_mono_c12832_a1z.o
 .bss.fbpointer
                0x0080220e        0x2 src/ASF/common/services/gfx_mono/gfx_mono_framebuffer.o
 *(COMMON)
                0x00802210                PROVIDE (__bss_end, .)
                0x000018c0                __data_load_start = LOADADDR (.data)
                0x000018ce                __data_load_end = (__data_load_start + SIZEOF (.data))

.noinit         0x00802210        0x0
                0x00802210                PROVIDE (__noinit_start, .)
 *(.noinit*)
                0x00802210                PROVIDE (__noinit_end, .)
                0x00802210                _end = .
                0x00802210                PROVIDE (__heap_start, .)

.eeprom         0x00810000        0x0
 *(.eeprom*)
                0x00810000                __eeprom_end = .

.fuse
 *(.fuse)
 *(.lfuse)
 *(.hfuse)
 *(.efuse)

.lock
 *(.lock*)

.signature
 *(.signature*)

.user_signatures
 *(.user_signatures*)

.stab
 *(.stab)

.stabstr
 *(.stabstr)

.stab.excl
 *(.stab.excl)

.stab.exclstr
 *(.stab.exclstr)

.stab.index
 *(.stab.index)

.stab.indexstr
 *(.stab.indexstr)

.comment        0x00000000       0x30
 *(.comment)
 .comment       0x00000000       0x30 src/ASF/common/components/display/st7565r/st7565r.o
                                 0x31 (size before relaxing)
 .comment       0x00000000       0x31 src/ASF/common/services/gfx_mono/gfx_mono_c12832_a1z.o
 .comment       0x00000000       0x31 src/ASF/common/services/gfx_mono/gfx_mono_framebuffer.o
 .comment       0x00000000       0x31 src/ASF/common/services/gfx_mono/gfx_mono_generic.o
 .comment       0x00000000       0x31 src/ASF/common/services/gfx_mono/gfx_mono_text.o
 .comment       0x00000000       0x31 src/ASF/common/services/gfx_mono/sysfont.o
 .comment       0x00000000       0x31 src/ASF/xmega/drivers/usart/usart.o
 .comment       0x00000000       0x31 src/ASF/common/services/spi/xmega_usart_spi/usart_spi.o
 .comment       0x00000000       0x31 src/ASF/common/services/clock/xmega/sysclk.o
 .comment       0x00000000       0x31 src/ASF/common/services/ioport/xmega/ioport_compat.o
 .comment       0x00000000       0x31 src/ASF/xmega/boards/xmega_a3bu_xplained/init.o
 .comment       0x00000000       0x31 src/main.o

.note.gnu.build-id
 *(.note.gnu.build-id)

.debug
 *(.debug)

.line
 *(.line)

.debug_srcinfo
 *(.debug_srcinfo)

.debug_sfnames
 *(.debug_sfnames)

.debug_aranges  0x00000000      0x2c8
 *(.debug_aranges)
 .debug_aranges
                0x00000000       0x20 src/ASF/common/components/display/st7565r/st7565r.o
 .debug_aranges
                0x00000020       0x60 src/ASF/common/services/gfx_mono/gfx_mono_c12832_a1z.o
 .debug_aranges
                0x00000080       0x58 src/ASF/common/services/gfx_mono/gfx_mono_framebuffer.o
 .debug_aranges
                0x000000d8       0x58 src/ASF/common/services/gfx_mono/gfx_mono_generic.o
 .debug_aranges
                0x00000130       0x40 src/ASF/common/services/gfx_mono/gfx_mono_text.o
 .debug_aranges
                0x00000170       0x18 src/ASF/common/services/gfx_mono/sysfont.o
 .debug_aranges
                0x00000188       0x58 src/ASF/xmega/drivers/usart/usart.o
 .debug_aranges
                0x000001e0       0x48 src/ASF/common/services/spi/xmega_usart_spi/usart_spi.o
 .debug_aranges
                0x00000228       0x40 src/ASF/common/services/clock/xmega/sysclk.o
 .debug_aranges
                0x00000268       0x20 src/ASF/common/services/ioport/xmega/ioport_compat.o
 .debug_aranges
                0x00000288       0x20 src/ASF/xmega/boards/xmega_a3bu_xplained/init.o
 .debug_aranges
                0x000002a8       0x20 src/main.o

.debug_pubnames
 *(.debug_pubnames)

.debug_info     0x00000000     0xa1bf
 *(.debug_info .gnu.linkonce.wi.*)
 .debug_info    0x00000000     0x186c src/ASF/common/components/display/st7565r/st7565r.o
 .debug_info    0x0000186c     0x1d6a src/ASF/common/services/gfx_mono/gfx_mono_c12832_a1z.o
 .debug_info    0x000035d6      0x479 src/ASF/common/services/gfx_mono/gfx_mono_framebuffer.o
 .debug_info    0x00003a4f      0xc2e src/ASF/common/services/gfx_mono/gfx_mono_generic.o
 .debug_info    0x0000467d      0x723 src/ASF/common/services/gfx_mono/gfx_mono_text.o
 .debug_info    0x00004da0      0x188 src/ASF/common/services/gfx_mono/sysfont.o
 .debug_info    0x00004f28     0x2d0f src/ASF/xmega/drivers/usart/usart.o
 .debug_info    0x00007c37      0xbb2 src/ASF/common/services/spi/xmega_usart_spi/usart_spi.o
 .debug_info    0x000087e9      0x705 src/ASF/common/services/clock/xmega/sysclk.o
 .debug_info    0x00008eee      0x11d src/ASF/common/services/ioport/xmega/ioport_compat.o
 .debug_info    0x0000900b      0xa6d src/ASF/xmega/boards/xmega_a3bu_xplained/init.o
 .debug_info    0x00009a78      0x747 src/main.o

.debug_abbrev   0x00000000     0x1a3f
 *(.debug_abbrev)
 .debug_abbrev  0x00000000      0x281 src/ASF/common/components/display/st7565r/st7565r.o
 .debug_abbrev  0x00000281      0x390 src/ASF/common/services/gfx_mono/gfx_mono_c12832_a1z.o
 .debug_abbrev  0x00000611      0x18b src/ASF/common/services/gfx_mono/gfx_mono_framebuffer.o
 .debug_abbrev  0x0000079c      0x1d6 src/ASF/common/services/gfx_mono/gfx_mono_generic.o
 .debug_abbrev  0x00000972      0x23e src/ASF/common/services/gfx_mono/gfx_mono_text.o
 .debug_abbrev  0x00000bb0       0xde src/ASF/common/services/gfx_mono/sysfont.o
 .debug_abbrev  0x00000c8e      0x3e8 src/ASF/xmega/drivers/usart/usart.o
 .debug_abbrev  0x00001076      0x2eb src/ASF/common/services/spi/xmega_usart_spi/usart_spi.o
 .debug_abbrev  0x00001361      0x25b src/ASF/common/services/clock/xmega/sysclk.o
 .debug_abbrev  0x000015bc       0x93 src/ASF/common/services/ioport/xmega/ioport_compat.o
 .debug_abbrev  0x0000164f      0x160 src/ASF/xmega/boards/xmega_a3bu_xplained/init.o
 .debug_abbrev  0x000017af      0x290 src/main.o

.debug_line     0x00000000     0x6ac6
 *(.debug_line .debug_line.* .debug_line_end)
 .debug_line    0x00000000      0xa7b src/ASF/common/components/display/st7565r/st7565r.o
 .debug_line    0x00000a7b      0xda2 src/ASF/common/services/gfx_mono/gfx_mono_c12832_a1z.o
 .debug_line    0x0000181d      0x917 src/ASF/common/services/gfx_mono/gfx_mono_framebuffer.o
 .debug_line    0x00002134      0xc02 src/ASF/common/services/gfx_mono/gfx_mono_generic.o
 .debug_line    0x00002d36      0x9ad src/ASF/common/services/gfx_mono/gfx_mono_text.o
 .debug_line    0x000036e3      0x79d src/ASF/common/services/gfx_mono/sysfont.o
 .debug_line    0x00003e80      0xc7e src/ASF/xmega/drivers/usart/usart.o
 .debug_line    0x00004afe      0x7c9 src/ASF/common/services/spi/xmega_usart_spi/usart_spi.o
 .debug_line    0x000052c7      0x5e3 src/ASF/common/services/clock/xmega/sysclk.o
 .debug_line    0x000058aa      0x48f src/ASF/common/services/ioport/xmega/ioport_compat.o
 .debug_line    0x00005d39      0x4ba src/ASF/xmega/boards/xmega_a3bu_xplained/init.o
 .debug_line    0x000061f3      0x8d3 src/main.o

.debug_frame    0x00000000      0x8a4
 *(.debug_frame)
 .debug_frame   0x00000000       0x58 src/ASF/common/components/display/st7565r/st7565r.o
 .debug_frame   0x00000058      0x1b0 src/ASF/common/services/gfx_mono/gfx_mono_c12832_a1z.o
 .debug_frame   0x00000208       0xd0 src/ASF/common/services/gfx_mono/gfx_mono_framebuffer.o
 .debug_frame   0x000002d8      0x21c src/ASF/common/services/gfx_mono/gfx_mono_generic.o
 .debug_frame   0x000004f4       0xec src/ASF/common/services/gfx_mono/gfx_mono_text.o
 .debug_frame   0x000005e0      0x148 src/ASF/xmega/drivers/usart/usart.o
 .debug_frame   0x00000728       0x90 src/ASF/common/services/spi/xmega_usart_spi/usart_spi.o
 .debug_frame   0x000007b8       0x64 src/ASF/common/services/clock/xmega/sysclk.o
 .debug_frame   0x0000081c       0x30 src/ASF/common/services/ioport/xmega/ioport_compat.o
 .debug_frame   0x0000084c       0x24 src/ASF/xmega/boards/xmega_a3bu_xplained/init.o
 .debug_frame   0x00000870       0x34 src/main.o

.debug_str      0x00000000    0x2c0ed
 *(.debug_str)
 .debug_str     0x00000000    0x2887b src/ASF/common/components/display/st7565r/st7565r.o
                              0x290ce (size before relaxing)
 .debug_str     0x0002887b      0xc05 src/ASF/common/services/gfx_mono/gfx_mono_c12832_a1z.o
                              0x299cf (size before relaxing)
 .debug_str     0x00029480       0xba src/ASF/common/services/gfx_mono/gfx_mono_framebuffer.o
                              0x295ea (size before relaxing)
 .debug_str     0x0002953a      0x225 src/ASF/common/services/gfx_mono/gfx_mono_generic.o
                              0x2972d (size before relaxing)
 .debug_str     0x0002975f      0x233 src/ASF/common/services/gfx_mono/gfx_mono_text.o
                              0x296d2 (size before relaxing)
 .debug_str     0x00029992     0x10b0 src/ASF/common/services/gfx_mono/sysfont.o
                              0x2a51e (size before relaxing)
 .debug_str     0x0002aa42      0xcff src/ASF/xmega/drivers/usart/usart.o
                              0x29259 (size before relaxing)
 .debug_str     0x0002b741       0x87 src/ASF/common/services/spi/xmega_usart_spi/usart_spi.o
                              0x2871a (size before relaxing)
 .debug_str     0x0002b7c8      0x2f9 src/ASF/common/services/clock/xmega/sysclk.o
                              0x27f24 (size before relaxing)
 .debug_str     0x0002bac1       0x77 src/ASF/common/services/ioport/xmega/ioport_compat.o
                              0x25dd8 (size before relaxing)
 .debug_str     0x0002bb38       0xf7 src/ASF/xmega/boards/xmega_a3bu_xplained/init.o
                              0x2785d (size before relaxing)
 .debug_str     0x0002bc2f      0x4be src/main.o
                              0x2adec (size before relaxing)

.debug_loc      0x00000000     0x462a
 *(.debug_loc)
 .debug_loc     0x00000000      0x113 src/ASF/common/components/display/st7565r/st7565r.o
 .debug_loc     0x00000113      0xd01 src/ASF/common/services/gfx_mono/gfx_mono_c12832_a1z.o
 .debug_loc     0x00000e14      0x592 src/ASF/common/services/gfx_mono/gfx_mono_framebuffer.o
 .debug_loc     0x000013a6     0x10aa src/ASF/common/services/gfx_mono/gfx_mono_generic.o
 .debug_loc     0x00002450      0x957 src/ASF/common/services/gfx_mono/gfx_mono_text.o
 .debug_loc     0x00002da7      0xfe9 src/ASF/xmega/drivers/usart/usart.o
 .debug_loc     0x00003d90      0x585 src/ASF/common/services/spi/xmega_usart_spi/usart_spi.o
 .debug_loc     0x00004315      0x217 src/ASF/common/services/clock/xmega/sysclk.o
 .debug_loc     0x0000452c       0x66 src/ASF/common/services/ioport/xmega/ioport_compat.o
 .debug_loc     0x00004592       0x98 src/main.o

.debug_macinfo
 *(.debug_macinfo)

.debug_weaknames
 *(.debug_weaknames)

.debug_funcnames
 *(.debug_funcnames)

.debug_typenames
 *(.debug_typenames)

.debug_varnames
 *(.debug_varnames)

.debug_pubtypes
 *(.debug_pubtypes)

.debug_ranges   0x00000000      0x3d0
 *(.debug_ranges)
 .debug_ranges  0x00000000       0x10 src/ASF/common/components/display/st7565r/st7565r.o
 .debug_ranges  0x00000010      0x188 src/ASF/common/services/gfx_mono/gfx_mono_c12832_a1z.o
 .debug_ranges  0x00000198       0x48 src/ASF/common/services/gfx_mono/gfx_mono_framebuffer.o
 .debug_ranges  0x000001e0       0x48 src/ASF/common/services/gfx_mono/gfx_mono_generic.o
 .debug_ranges  0x00000228       0x30 src/ASF/common/services/gfx_mono/gfx_mono_text.o
 .debug_ranges  0x00000258       0x80 src/ASF/xmega/drivers/usart/usart.o
 .debug_ranges  0x000002d8       0x98 src/ASF/common/services/spi/xmega_usart_spi/usart_spi.o
 .debug_ranges  0x00000370       0x30 src/ASF/common/services/clock/xmega/sysclk.o
 .debug_ranges  0x000003a0       0x10 src/ASF/common/services/ioport/xmega/ioport_compat.o
 .debug_ranges  0x000003b0       0x10 src/ASF/xmega/boards/xmega_a3bu_xplained/init.o
 .debug_ranges  0x000003c0       0x10 src/main.o

.debug_macro    0x00000000     0xb2ac
 *(.debug_macro)
 .debug_macro   0x00000000      0x276 src/ASF/common/components/display/st7565r/st7565r.o
 .debug_macro   0x00000276      0xa7e src/ASF/common/components/display/st7565r/st7565r.o
 .debug_macro   0x00000cf4       0x10 src/ASF/common/components/display/st7565r/st7565r.o
 .debug_macro   0x00000d04      0x1ad src/ASF/common/components/display/st7565r/st7565r.o
 .debug_macro   0x00000eb1      0x293 src/ASF/common/components/display/st7565r/st7565r.o
 .debug_macro   0x00001144       0x9e src/ASF/common/components/display/st7565r/st7565r.o
 .debug_macro   0x000011e2     0x5cc8 src/ASF/common/components/display/st7565r/st7565r.o
 .debug_macro   0x00006eaa       0x9a src/ASF/common/components/display/st7565r/st7565r.o
 .debug_macro   0x00006f44       0xf1 src/ASF/common/components/display/st7565r/st7565r.o
 .debug_macro   0x00007035       0x34 src/ASF/common/components/display/st7565r/st7565r.o
 .debug_macro   0x00007069       0x10 src/ASF/common/components/display/st7565r/st7565r.o
 .debug_macro   0x00007079       0x18 src/ASF/common/components/display/st7565r/st7565r.o
 .debug_macro   0x00007091       0x5e src/ASF/common/components/display/st7565r/st7565r.o
 .debug_macro   0x000070ef       0x10 src/ASF/common/components/display/st7565r/st7565r.o
 .debug_macro   0x000070ff       0x22 src/ASF/common/components/display/st7565r/st7565r.o
 .debug_macro   0x00007121      0x166 src/ASF/common/components/display/st7565r/st7565r.o
 .debug_macro   0x00007287       0x1c src/ASF/common/components/display/st7565r/st7565r.o
 .debug_macro   0x000072a3       0x35 src/ASF/common/components/display/st7565r/st7565r.o
 .debug_macro   0x000072d8       0x66 src/ASF/common/components/display/st7565r/st7565r.o
 .debug_macro   0x0000733e      0x4d1 src/ASF/common/components/display/st7565r/st7565r.o
 .debug_macro   0x0000780f       0x97 src/ASF/common/components/display/st7565r/st7565r.o
 .debug_macro   0x000078a6       0x17 src/ASF/common/components/display/st7565r/st7565r.o
 .debug_macro   0x000078bd      0x250 src/ASF/common/components/display/st7565r/st7565r.o
 .debug_macro   0x00007b0d       0x76 src/ASF/common/components/display/st7565r/st7565r.o
 .debug_macro   0x00007b83       0x16 src/ASF/common/components/display/st7565r/st7565r.o
 .debug_macro   0x00007b99      0x6e3 src/ASF/common/components/display/st7565r/st7565r.o
 .debug_macro   0x0000827c       0x10 src/ASF/common/components/display/st7565r/st7565r.o
 .debug_macro   0x0000828c      0x175 src/ASF/common/components/display/st7565r/st7565r.o
 .debug_macro   0x00008401       0x40 src/ASF/common/components/display/st7565r/st7565r.o
 .debug_macro   0x00008441       0x69 src/ASF/common/components/display/st7565r/st7565r.o
 .debug_macro   0x000084aa       0x32 src/ASF/common/components/display/st7565r/st7565r.o
 .debug_macro   0x000084dc       0xe4 src/ASF/common/components/display/st7565r/st7565r.o
 .debug_macro   0x000085c0       0x22 src/ASF/common/components/display/st7565r/st7565r.o
 .debug_macro   0x000085e2      0x248 src/ASF/common/components/display/st7565r/st7565r.o
 .debug_macro   0x0000882a      0x303 src/ASF/common/components/display/st7565r/st7565r.o
 .debug_macro   0x00008b2d       0x7d src/ASF/common/components/display/st7565r/st7565r.o
 .debug_macro   0x00008baa       0x2f src/ASF/common/components/display/st7565r/st7565r.o
 .debug_macro   0x00008bd9      0x154 src/ASF/common/components/display/st7565r/st7565r.o
 .debug_macro   0x00008d2d       0x82 src/ASF/common/components/display/st7565r/st7565r.o
 .debug_macro   0x00008daf      0x109 src/ASF/common/components/display/st7565r/st7565r.o
 .debug_macro   0x00008eb8       0x28 src/ASF/common/components/display/st7565r/st7565r.o
 .debug_macro   0x00008ee0       0x23 src/ASF/common/components/display/st7565r/st7565r.o
 .debug_macro   0x00008f03       0x3a src/ASF/common/components/display/st7565r/st7565r.o
 .debug_macro   0x00008f3d      0x100 src/ASF/common/components/display/st7565r/st7565r.o
 .debug_macro   0x0000903d       0x34 src/ASF/common/components/display/st7565r/st7565r.o
 .debug_macro   0x00009071       0x2e src/ASF/common/components/display/st7565r/st7565r.o
 .debug_macro   0x0000909f      0x2ba src/ASF/common/services/gfx_mono/gfx_mono_c12832_a1z.o
 .debug_macro   0x00009359       0x7a src/ASF/common/services/gfx_mono/gfx_mono_c12832_a1z.o
 .debug_macro   0x000093d3       0x89 src/ASF/common/services/gfx_mono/gfx_mono_c12832_a1z.o
 .debug_macro   0x0000945c      0x2ae src/ASF/common/services/gfx_mono/gfx_mono_framebuffer.o
 .debug_macro   0x0000970a      0x299 src/ASF/common/services/gfx_mono/gfx_mono_framebuffer.o
 .debug_macro   0x000099a3      0x2ae src/ASF/common/services/gfx_mono/gfx_mono_generic.o
 .debug_macro   0x00009c51      0x2d5 src/ASF/common/services/gfx_mono/gfx_mono_text.o
 .debug_macro   0x00009f26       0xaa src/ASF/common/services/gfx_mono/gfx_mono_text.o
 .debug_macro   0x00009fd0      0x2db src/ASF/common/services/gfx_mono/sysfont.o
 .debug_macro   0x0000a2ab       0x3a src/ASF/common/services/gfx_mono/sysfont.o
 .debug_macro   0x0000a2e5      0x221 src/ASF/xmega/drivers/usart/usart.o
 .debug_macro   0x0000a506      0x234 src/ASF/common/services/spi/xmega_usart_spi/usart_spi.o
 .debug_macro   0x0000a73a      0x1db src/ASF/common/services/clock/xmega/sysclk.o
 .debug_macro   0x0000a915       0x26 src/ASF/common/services/clock/xmega/sysclk.o
 .debug_macro   0x0000a93b      0x193 src/ASF/common/services/ioport/xmega/ioport_compat.o
 .debug_macro   0x0000aace      0x1b5 src/ASF/xmega/boards/xmega_a3bu_xplained/init.o
 .debug_macro   0x0000ac83       0x2e src/ASF/xmega/boards/xmega_a3bu_xplained/init.o
 .debug_macro   0x0000acb1      0x242 src/ASF/xmega/boards/xmega_a3bu_xplained/init.o
 .debug_macro   0x0000aef3      0x323 src/main.o
 .debug_macro   0x0000b216       0x34 src/main.o
 .debug_macro   0x0000b24a       0x46 src/main.o
 .debug_macro   0x0000b290       0x1c src/main.o
OUTPUT(SYSTEM.elf elf32-avr)
LOAD linker stubs

.BOOT           0x00040000        0x0
